orientation.head (dimensionless)
orientation.tail (dimensionless)
parameters.K_A (_intflow)
parameters.K_B (_intflow)
parameters.K_C (_intflow)
parameters.kappa_r1 (flow)
parameters.kappa_r2 (flow)
parameters.kappa_r3 (flow)
parameters.RT (effort)
