CCy.CCy (micromolar)
CCy.CCy' (micromolar/second)
CCy.delta_SCy (micromolar_per_coulomb)
CCy.lambda_S2_Cy (dimensionless)
environment.time (second)
I_CaExt.gCaExt (femtoampere)
I_CaExt.I_CaExt (picoampere)
I_CaExt.KCaExt (micromolar)
I_CaT.alpha_OT (first_order_rate_constant)
I_CaT.beta_OT (first_order_rate_constant)
I_CaT.ECaT (millivolt)
I_CaT.g_CaT (picosiemens)
I_CaT.I_CaT (picoampere)
I_CaT.OCaT (dimensionless)
I_CaT.OCaT' (dimensionless/second)
I_CaT.I_CaT_d_gate.A_dT1 (second)
I_CaT.I_CaT_d_gate.dT (dimensionless)
I_CaT.I_CaT_d_gate.dT' (dimensionless/second)
I_CaT.I_CaT_d_gate.infinity_dT (dimensionless)
I_CaT.I_CaT_d_gate.k_dT (per_millivolt)
I_CaT.I_CaT_d_gate.tau_dT1 (second)
I_CaT.I_CaT_d_gate.V_dT (millivolt)
I_CaT.I_CaT_f_gate.A_fT1 (second)
I_CaT.I_CaT_f_gate.A_fT2 (second)
I_CaT.I_CaT_f_gate.A_fT3 (per_millivolt)
I_CaT.I_CaT_f_gate.A_fT4 (millivolt)
I_CaT.I_CaT_f_gate.fT (dimensionless)
I_CaT.I_CaT_f_gate.fT' (dimensionless/second)
I_CaT.I_CaT_f_gate.infinity_fT (dimensionless)
I_CaT.I_CaT_f_gate.k_fT (per_millivolt)
I_CaT.I_CaT_f_gate.tau_fT1 (second)
I_CaT.I_CaT_f_gate.V_fT (millivolt)
I_KB.g_KB (picosiemens)
I_KB.I_KB (picoampere)
I_KERG.g_KERG (picosiemens)
I_KERG.I_KERG (picoampere)
I_KERG.I_KERG_d_gate.A_dERG1 (first_order_rate_constant)
I_KERG.I_KERG_d_gate.A_dERG2 (dimensionless)
I_KERG.I_KERG_d_gate.A_dERG3 (per_millivolt)
I_KERG.I_KERG_d_gate.A_dERG4 (millivolt)
I_KERG.I_KERG_d_gate.alpha_dERG (first_order_rate_constant)
I_KERG.I_KERG_d_gate.beta_dERG (first_order_rate_constant)
I_KERG.I_KERG_d_gate.dERG (dimensionless)
I_KERG.I_KERG_d_gate.dERG' (dimensionless/second)
I_Kv1_1.g_Kv1_1 (picosiemens)
I_Kv1_1.I_Kv1_1 (picoampere)
I_Kv1_1.I_Kv1_1_d_gate.A_dv1_11 (first_order_rate_constant)
I_Kv1_1.I_Kv1_1_d_gate.A_dv1_11a (first_order_rate_constant)
I_Kv1_1.I_Kv1_1_d_gate.A_dv1_11b (first_order_rate_constant)
I_Kv1_1.I_Kv1_1_d_gate.A_dv1_11c (per_millivolt)
I_Kv1_1.I_Kv1_1_d_gate.A_dv1_11d (millivolt)
I_Kv1_1.I_Kv1_1_d_gate.A_dv1_12 (dimensionless)
I_Kv1_1.I_Kv1_1_d_gate.A_dv1_13 (per_millivolt)
I_Kv1_1.I_Kv1_1_d_gate.A_dv1_14 (millivolt)
I_Kv1_1.I_Kv1_1_d_gate.alpha_dv1_1 (first_order_rate_constant)
I_Kv1_1.I_Kv1_1_d_gate.beta_dv1_1 (first_order_rate_constant)
I_Kv1_1.I_Kv1_1_d_gate.dv1_1 (dimensionless)
I_Kv1_1.I_Kv1_1_d_gate.dv1_1' (dimensionless/second)
I_Kv1_1.I_Kv1_1_f_gate.A_fv1_11 (first_order_rate_constant)
I_Kv1_1.I_Kv1_1_f_gate.A_fv1_12 (dimensionless)
I_Kv1_1.I_Kv1_1_f_gate.A_fv1_13 (per_millivolt)
I_Kv1_1.I_Kv1_1_f_gate.A_fv1_14 (millivolt)
I_Kv1_1.I_Kv1_1_f_gate.alpha_fv1_1 (first_order_rate_constant)
I_Kv1_1.I_Kv1_1_f_gate.beta_fv1_1 (first_order_rate_constant)
I_Kv1_1.I_Kv1_1_f_gate.fv1_1 (dimensionless)
I_Kv1_1.I_Kv1_1_f_gate.fv1_1' (dimensionless/second)
I_L.EL (millivolt)
I_L.g_L (picosiemens)
I_L.I_L (picoampere)
I_Na.g_Na (picosiemens)
I_Na.I_Na (picoampere)
I_Na.I_Na_d_gate.A_dNa1 (first_order_rate_constant)
I_Na.I_Na_d_gate.A_dNa1a (first_order_rate_constant)
I_Na.I_Na_d_gate.A_dNa1b (first_order_rate_constant)
I_Na.I_Na_d_gate.A_dNa1c (per_millivolt)
I_Na.I_Na_d_gate.A_dNa1d (millivolt)
I_Na.I_Na_d_gate.A_dNa2 (dimensionless)
I_Na.I_Na_d_gate.A_dNa3 (per_millivolt)
I_Na.I_Na_d_gate.A_dNa4 (millivolt)
I_Na.I_Na_d_gate.alpha_dNa (first_order_rate_constant)
I_Na.I_Na_d_gate.beta_dNa (first_order_rate_constant)
I_Na.I_Na_d_gate.dNa (dimensionless)
I_Na.I_Na_d_gate.dNa' (dimensionless/second)
I_Na.I_Na_f_gate.A_fNa1 (first_order_rate_constant)
I_Na.I_Na_f_gate.A_fNa1a (first_order_rate_constant)
I_Na.I_Na_f_gate.A_fNa1b (first_order_rate_constant)
I_Na.I_Na_f_gate.A_fNa1c (per_millivolt)
I_Na.I_Na_f_gate.A_fNa1d (millivolt)
I_Na.I_Na_f_gate.A_fNa2 (dimensionless)
I_Na.I_Na_f_gate.A_fNa3 (per_millivolt)
I_Na.I_Na_f_gate.A_fNa4 (millivolt)
I_Na.I_Na_f_gate.alpha_fNa (first_order_rate_constant)
I_Na.I_Na_f_gate.beta_fNa (first_order_rate_constant)
I_Na.I_Na_f_gate.fNa (dimensionless)
I_Na.I_Na_f_gate.fNa' (dimensionless/second)
JCy.C_infinity (micromolar)
JCy.JCy (flux)
JCy.mu_Cy (first_order_rate_constant)
JS1S2.CS11 (micromolar)
JS1S2.CS11' (micromolar/second)
JS1S2.CS110 (micromolar)
JS1S2.CS110' (micromolar/second)
JS1S2.CS12 (micromolar)
JS1S2.CS12' (micromolar/second)
JS1S2.CS13 (micromolar)
JS1S2.CS13' (micromolar/second)
JS1S2.CS14 (micromolar)
JS1S2.CS14' (micromolar/second)
JS1S2.CS15 (micromolar)
JS1S2.CS15' (micromolar/second)
JS1S2.CS16 (micromolar)
JS1S2.CS16' (micromolar/second)
JS1S2.CS17 (micromolar)
JS1S2.CS17' (micromolar/second)
JS1S2.CS18 (micromolar)
JS1S2.CS18' (micromolar/second)
JS1S2.CS19 (micromolar)
JS1S2.CS19' (micromolar/second)
JS1S2.CS21 (micromolar)
JS1S2.CS21' (micromolar/second)
JS1S2.CS210 (micromolar)
JS1S2.CS210' (micromolar/second)
JS1S2.CS22 (micromolar)
JS1S2.CS22' (micromolar/second)
JS1S2.CS23 (micromolar)
JS1S2.CS23' (micromolar/second)
JS1S2.CS24 (micromolar)
JS1S2.CS24' (micromolar/second)
JS1S2.CS25 (micromolar)
JS1S2.CS25' (micromolar/second)
JS1S2.CS26 (micromolar)
JS1S2.CS26' (micromolar/second)
JS1S2.CS27 (micromolar)
JS1S2.CS27' (micromolar/second)
JS1S2.CS28 (micromolar)
JS1S2.CS28' (micromolar/second)
JS1S2.CS29 (micromolar)
JS1S2.CS29' (micromolar/second)
JS1S2.JS1S2_1 (flux)
JS1S2.JS1S2_10 (flux)
JS1S2.JS1S2_2 (flux)
JS1S2.JS1S2_3 (flux)
JS1S2.JS1S2_4 (flux)
JS1S2.JS1S2_5 (flux)
JS1S2.JS1S2_6 (flux)
JS1S2.JS1S2_7 (flux)
JS1S2.JS1S2_8 (flux)
JS1S2.JS1S2_9 (flux)
JS1S2.mu_A (first_order_rate_constant)
JS1S2.mu_B (first_order_rate_constant)
JS1S2.mu_S1S2_1 (first_order_rate_constant)
JS1S2.mu_S1S2_10 (first_order_rate_constant)
JS1S2.mu_S1S2_2 (first_order_rate_constant)
JS1S2.mu_S1S2_3 (first_order_rate_constant)
JS1S2.mu_S1S2_4 (first_order_rate_constant)
JS1S2.mu_S1S2_5 (first_order_rate_constant)
JS1S2.mu_S1S2_6 (first_order_rate_constant)
JS1S2.mu_S1S2_7 (first_order_rate_constant)
JS1S2.mu_S1S2_8 (first_order_rate_constant)
JS1S2.mu_S1S2_9 (first_order_rate_constant)
JS2Cy.JS2Cy1 (flux)
JS2Cy.JS2Cy10 (flux)
JS2Cy.JS2Cy2 (flux)
JS2Cy.JS2Cy3 (flux)
JS2Cy.JS2Cy4 (flux)
JS2Cy.JS2Cy5 (flux)
JS2Cy.JS2Cy6 (flux)
JS2Cy.JS2Cy7 (flux)
JS2Cy.JS2Cy8 (flux)
JS2Cy.JS2Cy9 (flux)
JS2Cy.mu_S2Cy1 (first_order_rate_constant)
JS2Cy.mu_S2Cy10 (first_order_rate_constant)
JS2Cy.mu_S2Cy2 (first_order_rate_constant)
JS2Cy.mu_S2Cy3 (first_order_rate_constant)
JS2Cy.mu_S2Cy4 (first_order_rate_constant)
JS2Cy.mu_S2Cy5 (first_order_rate_constant)
JS2Cy.mu_S2Cy6 (first_order_rate_constant)
JS2Cy.mu_S2Cy7 (first_order_rate_constant)
JS2Cy.mu_S2Cy8 (first_order_rate_constant)
JS2Cy.mu_S2Cy9 (first_order_rate_constant)
membrane.Cm (picofarad)
membrane.I_ion_Cy (picoampere)
membrane.I_ion_PU1 (picoampere)
membrane.I_ion_PU10 (picoampere)
membrane.I_ion_PU2 (picoampere)
membrane.I_ion_PU3 (picoampere)
membrane.I_ion_PU4 (picoampere)
membrane.I_ion_PU5 (picoampere)
membrane.I_ion_PU6 (picoampere)
membrane.I_ion_PU7 (picoampere)
membrane.I_ion_PU8 (picoampere)
membrane.I_ion_PU9 (picoampere)
membrane.Vm (millivolt)
membrane.Vm' (millivolt/second)
model_parameters.CO (micromolar)
model_parameters.F (femtocoulomb_per_zeptomole)
model_parameters.Ki (micromolar)
model_parameters.KO (micromolar)
model_parameters.n_PU (dimensionless)
model_parameters.Ni (micromolar)
model_parameters.NO (micromolar)
model_parameters.P (micromolar)
model_parameters.R (attojoule_per_zeptomole_kelvin)
model_parameters.T (kelvin)
Nerst_potentials.ECa_Cy (millivolt)
Nerst_potentials.EK (millivolt)
Nerst_potentials.ENa_Cy (millivolt)
