outputs.h (dimensionless)
outputs.h' (dimensionless/ms)
outputs.IK (uA_per_cmsq)
outputs.Ileak (uA_per_cmsq)
outputs.INa (uA_per_cmsq)
outputs.m (dimensionless)
outputs.m' (dimensionless/ms)
outputs.minus_V (mV)
outputs.n (dimensionless)
outputs.n' (dimensionless/ms)
outputs.time (ms)
outputs.V (mV)
outputs.V' (mV/ms)
stimulus_protocol_params.stimCurrent (uA_per_cmsq)
stimulus_protocol_params.stimDuration (ms)
stimulus_protocol_params.stimPeriod (ms)
